// Jest Snapshot v1, https://goo.gl/fbAQLP

exports[`App Take snapshot 1`] = `null`;
