// Jest Snapshot v1, https://goo.gl/fbAQLP

exports[`Baner Matches Snapshot 1`] = `
<View
  style={
    Object {
      "alignItems": "center",
      "backgroundColor": "#f2f2f2",
      "borderColor": "grey",
      "borderWidth": 0.5,
      "height": 80,
      "justifyContent": "center",
      "width": 750,
    }
  }
>
  <Text
    style={
      Object {
        "fontSize": 20,
        "paddingTop": 5,
      }
    }
  >
    Simulator(IOS)
  </Text>
  <View
    style={
      Object {
        "flexDirection": "row",
        "justifyContent": "flex-end",
        "marginRight": 20,
        "width": 750,
      }
    }
  >
    <View
      accessibilityRole="button"
      accessibilityStates={Array []}
      accessible={true}
      focusable={true}
      isTVSelectable={true}
      onClick={[Function]}
      onResponderGrant={[Function]}
      onResponderMove={[Function]}
      onResponderRelease={[Function]}
      onResponderTerminate={[Function]}
      onResponderTerminationRequest={[Function]}
      onStartShouldSetResponder={[Function]}
      style={
        Object {
          "opacity": 1,
        }
      }
    >
      <View
        style={
          Array [
            Object {},
          ]
        }
      >
        <Text
          style={
            Array [
              Object {
                "color": "#007AFF",
                "fontSize": 18,
                "padding": 8,
                "textAlign": "center",
              },
            ]
          }
        >
          Close
        </Text>
      </View>
    </View>
  </View>
</View>
`;
